29/12/2012     CARD PAYMENT TO WWW.JUST EAT.CO.UK,10.45 GBP, RATE 1.00/GBP ON 26-12-2012     -10.45     3472.63
29/12/2012     CARD PAYMENT TO WWW.JUST EAT.CO.UK,10.45 GBP, RATE 1.00/GBP ON 26-12-2012     -10.45     3472.63